Microsoft Windows [Version 10.0.26100.3194]
(c) Microsoft Corporation. All rights reserved.

C:\Users\Asus>cd C:\Users\Asus\Desktop\UHI_YOLO_DATA

C:\Users\Asus\Desktop\UHI_YOLO_DATA>yolo detect train model=yolov8n.pt data=uhi.yaml epochs=10 imgsz=640
New https://pypi.org/project/ultralytics/8.3.109 available 😃 Update with 'pip install -U ultralytics'
Ultralytics 8.3.108 🚀 Python-3.12.6 torch-2.6.0+cpu CPU (Intel Core(TM) i7-8550U 1.80GHz)
engine\trainer: task=detect, mode=train, model=yolov8n.pt, data=uhi.yaml, epochs=10, time=None, patience=100, batch=16, imgsz=640, save=True, save_period=-1, cache=False, device=None, workers=8, project=None, name=train2, exist_ok=False, pretrained=True, optimizer=auto, verbose=True, seed=0, deterministic=True, single_cls=False, rect=False, cos_lr=False, close_mosaic=10, resume=False, amp=True, fraction=1.0, profile=False, freeze=None, multi_scale=False, overlap_mask=True, mask_ratio=4, dropout=0.0, val=True, split=val, save_json=False, conf=None, iou=0.7, max_det=300, half=False, dnn=False, plots=True, source=None, vid_stride=1, stream_buffer=False, visualize=False, augment=False, agnostic_nms=False, classes=None, retina_masks=False, embed=None, show=False, save_frames=False, save_txt=False, save_conf=False, save_crop=False, show_labels=True, show_conf=True, show_boxes=True, line_width=None, format=torchscript, keras=False, optimize=False, int8=False, dynamic=False, simplify=True, opset=None, workspace=None, nms=False, lr0=0.01, lrf=0.01, momentum=0.937, weight_decay=0.0005, warmup_epochs=3.0, warmup_momentum=0.8, warmup_bias_lr=0.1, box=7.5, cls=0.5, dfl=1.5, pose=12.0, kobj=1.0, nbs=64, hsv_h=0.015, hsv_s=0.7, hsv_v=0.4, degrees=0.0, translate=0.1, scale=0.5, shear=0.0, perspective=0.0, flipud=0.0, fliplr=0.5, bgr=0.0, mosaic=1.0, mixup=0.0, copy_paste=0.0, copy_paste_mode=flip, auto_augment=randaugment, erasing=0.4, cfg=None, tracker=botsort.yaml, save_dir=runs\detect\train2
Downloading https://ultralytics.com/assets/Arial.ttf to 'C:\Users\Asus\AppData\Roaming\Ultralytics\Arial.ttf'...
100%|███████████████████████████████████████████████████████████████████████████████| 755k/755k [00:00<00:00, 7.35MB/s]
Overriding model.yaml nc=80 with nc=1

                   from  n    params  module                                       arguments
  0                  -1  1       464  ultralytics.nn.modules.conv.Conv             [3, 16, 3, 2]
  1                  -1  1      4672  ultralytics.nn.modules.conv.Conv             [16, 32, 3, 2]
  2                  -1  1      7360  ultralytics.nn.modules.block.C2f             [32, 32, 1, True]
  3                  -1  1     18560  ultralytics.nn.modules.conv.Conv             [32, 64, 3, 2]
  4                  -1  2     49664  ultralytics.nn.modules.block.C2f             [64, 64, 2, True]
  5                  -1  1     73984  ultralytics.nn.modules.conv.Conv             [64, 128, 3, 2]
  6                  -1  2    197632  ultralytics.nn.modules.block.C2f             [128, 128, 2, True]
  7                  -1  1    295424  ultralytics.nn.modules.conv.Conv             [128, 256, 3, 2]
  8                  -1  1    460288  ultralytics.nn.modules.block.C2f             [256, 256, 1, True]
  9                  -1  1    164608  ultralytics.nn.modules.block.SPPF            [256, 256, 5]
 10                  -1  1         0  torch.nn.modules.upsampling.Upsample         [None, 2, 'nearest']
 11             [-1, 6]  1         0  ultralytics.nn.modules.conv.Concat           [1]
 12                  -1  1    148224  ultralytics.nn.modules.block.C2f             [384, 128, 1]
 13                  -1  1         0  torch.nn.modules.upsampling.Upsample         [None, 2, 'nearest']
 14             [-1, 4]  1         0  ultralytics.nn.modules.conv.Concat           [1]
 15                  -1  1     37248  ultralytics.nn.modules.block.C2f             [192, 64, 1]
 16                  -1  1     36992  ultralytics.nn.modules.conv.Conv             [64, 64, 3, 2]
 17            [-1, 12]  1         0  ultralytics.nn.modules.conv.Concat           [1]
 18                  -1  1    123648  ultralytics.nn.modules.block.C2f             [192, 128, 1]
 19                  -1  1    147712  ultralytics.nn.modules.conv.Conv             [128, 128, 3, 2]
 20             [-1, 9]  1         0  ultralytics.nn.modules.conv.Concat           [1]
 21                  -1  1    493056  ultralytics.nn.modules.block.C2f             [384, 256, 1]
 22        [15, 18, 21]  1    751507  ultralytics.nn.modules.head.Detect           [1, [64, 128, 256]]
Model summary: 129 layers, 3,011,043 parameters, 3,011,027 gradients, 8.2 GFLOPs

Transferred 319/355 items from pretrained weights
TensorBoard: Start with 'tensorboard --logdir runs\detect\train2', view at http://localhost:6006/
Freezing layer 'model.22.dfl.conv.weight'
train: Scanning C:\Users\Asus\Desktop\UHI_YOLO_DATA\labels\train... 1 images, 0 backgrounds, 0 corrupt: 100%|██████████
train: New cache created: C:\Users\Asus\Desktop\UHI_YOLO_DATA\labels\train.cache
val: Scanning C:\Users\Asus\Desktop\UHI_YOLO_DATA\labels\val... 1 images, 0 backgrounds, 0 corrupt: 100%|██████████| 1/
val: New cache created: C:\Users\Asus\Desktop\UHI_YOLO_DATA\labels\val.cache
Plotting labels to runs\detect\train2\labels.jpg...
len() of unsized object
optimizer: 'optimizer=auto' found, ignoring 'lr0=0.01' and 'momentum=0.937' and determining best 'optimizer', 'lr0' and 'momentum' automatically...
optimizer: AdamW(lr=0.002, momentum=0.9) with parameter groups 57 weight(decay=0.0), 64 weight(decay=0.0005), 63 bias(decay=0.0)
TensorBoard: model graph visualization added ✅
Image sizes 640 train, 640 val
Using 0 dataloader workers
Logging results to runs\detect\train2
Starting training for 10 epochs...
Closing dataloader mosaic

      Epoch    GPU_mem   box_loss   cls_loss   dfl_loss  Instances       Size
       1/10         0G      1.602      3.186      2.368          1        640: 100%|██████████| 1/1 [00:01<00:00,  1.01
                 Class     Images  Instances      Box(P          R      mAP50  mAP50-95): 100%|██████████| 1/1 [00:02<0
                   all          1          1    0.00333          1      0.497      0.304

      Epoch    GPU_mem   box_loss   cls_loss   dfl_loss  Instances       Size
       2/10         0G       1.51      3.398      2.291          1        640: 100%|██████████| 1/1 [00:00<00:00,  1.42
                 Class     Images  Instances      Box(P          R      mAP50  mAP50-95): 100%|██████████| 1/1 [00:00<0
                   all          1          1    0.00333          1      0.497        0.3

      Epoch    GPU_mem   box_loss   cls_loss   dfl_loss  Instances       Size
       3/10         0G      1.532      3.001      2.604          1        640: 100%|██████████| 1/1 [00:00<00:00,  1.69
                 Class     Images  Instances      Box(P          R      mAP50  mAP50-95): 100%|██████████| 1/1 [00:00<0
                   all          1          1    0.00333          1      0.995        0.6

      Epoch    GPU_mem   box_loss   cls_loss   dfl_loss  Instances       Size
       4/10         0G      1.479       3.15      2.556          1        640: 100%|██████████| 1/1 [00:00<00:00,  1.44
                 Class     Images  Instances      Box(P          R      mAP50  mAP50-95): 100%|██████████| 1/1 [00:00<0
                   all          1          1    0.00333          1      0.995      0.599

      Epoch    GPU_mem   box_loss   cls_loss   dfl_loss  Instances       Size
       5/10         0G      1.002      3.759      2.074          1        640: 100%|██████████| 1/1 [00:00<00:00,  1.62
                 Class     Images  Instances      Box(P          R      mAP50  mAP50-95): 100%|██████████| 1/1 [00:00<0
                   all          1          1    0.00333          1      0.995      0.603

      Epoch    GPU_mem   box_loss   cls_loss   dfl_loss  Instances       Size
       6/10         0G      1.651      3.235      2.156          1        640: 100%|██████████| 1/1 [00:00<00:00,  1.26
                 Class     Images  Instances      Box(P          R      mAP50  mAP50-95): 100%|██████████| 1/1 [00:00<0
                   all          1          1    0.00333          1      0.995      0.603

      Epoch    GPU_mem   box_loss   cls_loss   dfl_loss  Instances       Size
       7/10         0G      2.018      3.614      2.954          1        640: 100%|██████████| 1/1 [00:00<00:00,  1.47
                 Class     Images  Instances      Box(P          R      mAP50  mAP50-95): 100%|██████████| 1/1 [00:00<0
                   all          1          1    0.00333          1      0.995      0.609

      Epoch    GPU_mem   box_loss   cls_loss   dfl_loss  Instances       Size
       8/10         0G     0.6876      3.106     0.9428          1        640: 100%|██████████| 1/1 [00:00<00:00,  1.63
                 Class     Images  Instances      Box(P          R      mAP50  mAP50-95): 100%|██████████| 1/1 [00:00<0
                   all          1          1    0.00333          1      0.995      0.605

      Epoch    GPU_mem   box_loss   cls_loss   dfl_loss  Instances       Size
       9/10         0G     0.8136      2.918      1.565          1        640: 100%|██████████| 1/1 [00:00<00:00,  1.62
                 Class     Images  Instances      Box(P          R      mAP50  mAP50-95): 100%|██████████| 1/1 [00:00<0
                   all          1          1    0.00333          1      0.995      0.697

      Epoch    GPU_mem   box_loss   cls_loss   dfl_loss  Instances       Size
      10/10         0G     0.7402       2.61      1.588          1        640: 100%|██████████| 1/1 [00:01<00:00,  1.36
                 Class     Images  Instances      Box(P          R      mAP50  mAP50-95): 100%|██████████| 1/1 [00:00<0
                   all          1          1    0.00333          1      0.995      0.697

10 epochs completed in 0.008 hours.
Optimizer stripped from runs\detect\train2\weights\last.pt, 6.2MB
Optimizer stripped from runs\detect\train2\weights\best.pt, 6.2MB

Validating runs\detect\train2\weights\best.pt...
Ultralytics 8.3.108 🚀 Python-3.12.6 torch-2.6.0+cpu CPU (Intel Core(TM) i7-8550U 1.80GHz)
Model summary (fused): 72 layers, 3,005,843 parameters, 0 gradients, 8.1 GFLOPs
                 Class     Images  Instances      Box(P          R      mAP50  mAP50-95): 100%|██████████| 1/1 [00:00<0
                   all          1          1    0.00333          1      0.995      0.697
Speed: 1.3ms preprocess, 130.7ms inference, 0.0ms loss, 10.7ms postprocess per image
Results saved to runs\detect\train2
💡 Learn more at https://docs.ultralytics.com/modes/train

C:\Users\Asus\Desktop\UHI_YOLO_DATA>yolo detect predict model=runs/detect/train2/weights/best.pt source=UHI_YOLO_DATA/images/train
Ultralytics 8.3.108 🚀 Python-3.12.6 torch-2.6.0+cpu CPU (Intel Core(TM) i7-8550U 1.80GHz)
Model summary (fused): 72 layers, 3,005,843 parameters, 0 gradients, 8.1 GFLOPs

Traceback (most recent call last):
  File "<frozen runpy>", line 198, in _run_module_as_main
  File "<frozen runpy>", line 88, in _run_code
  File "C:\Python312\Scripts\yolo.exe\__main__.py", line 7, in <module>
  File "C:\Python312\Lib\site-packages\ultralytics\cfg\__init__.py", line 989, in entrypoint
    getattr(model, mode)(**overrides)  # default args from model
    ^^^^^^^^^^^^^^^^^^^^^^^^^^^^^^^^^
  File "C:\Python312\Lib\site-packages\ultralytics\engine\model.py", line 550, in predict
    return self.predictor.predict_cli(source=source) if is_cli else self.predictor(source=source, stream=stream)
           ^^^^^^^^^^^^^^^^^^^^^^^^^^^^^^^^^^^^^^^^^
  File "C:\Python312\Lib\site-packages\ultralytics\engine\predictor.py", line 236, in predict_cli
    for _ in gen:  # sourcery skip: remove-empty-nested-block, noqa
             ^^^
  File "C:\Python312\Lib\site-packages\torch\utils\_contextlib.py", line 36, in generator_context
    response = gen.send(None)
               ^^^^^^^^^^^^^^
  File "C:\Python312\Lib\site-packages\ultralytics\engine\predictor.py", line 297, in stream_inference
    self.setup_source(source if source is not None else self.args.source)
  File "C:\Python312\Lib\site-packages\ultralytics\engine\predictor.py", line 257, in setup_source
    self.dataset = load_inference_source(
                   ^^^^^^^^^^^^^^^^^^^^^^
  File "C:\Python312\Lib\site-packages\ultralytics\data\build.py", line 253, in load_inference_source
    dataset = LoadImagesAndVideos(source, batch=batch, vid_stride=vid_stride)
              ^^^^^^^^^^^^^^^^^^^^^^^^^^^^^^^^^^^^^^^^^^^^^^^^^^^^^^^^^^^^^^^
  File "C:\Python312\Lib\site-packages\ultralytics\data\loaders.py", line 342, in __init__
    raise FileNotFoundError(f"{p} does not exist")
FileNotFoundError: UHI_YOLO_DATA/images/train does not exist

C:\Users\Asus\Desktop\UHI_YOLO_DATA>yolo detect predict model=runs/detect/train2/weights/best.pt source=C:/Users/Asus/Desktop/UHI_YOLO_DATA/images/train
Ultralytics 8.3.108 🚀 Python-3.12.6 torch-2.6.0+cpu CPU (Intel Core(TM) i7-8550U 1.80GHz)
Model summary (fused): 72 layers, 3,005,843 parameters, 0 gradients, 8.1 GFLOPs

image 1/1 C:\Users\Asus\Desktop\UHI_YOLO_DATA\images\train\UHI_Map_1.jpg: 480x640 (no detections), 196.1ms
Speed: 11.5ms preprocess, 196.1ms inference, 1.4ms postprocess per image at shape (1, 3, 480, 640)
Results saved to runs\detect\predict
💡 Learn more at https://docs.ultralytics.com/modes/predict

C:\Users\Asus\Desktop\UHI_YOLO_DATA>yolo detect predict model=runs/detect/train2/weights/best.pt source=C:/Users/Asus/Desktop/UHI_YOLO_DATA/images/train/UHI_Map_1.jpg
Ultralytics 8.3.108 🚀 Python-3.12.6 torch-2.6.0+cpu CPU (Intel Core(TM) i7-8550U 1.80GHz)
Model summary (fused): 72 layers, 3,005,843 parameters, 0 gradients, 8.1 GFLOPs

image 1/1 C:\Users\Asus\Desktop\UHI_YOLO_DATA\images\train\UHI_Map_1.jpg: 480x640 (no detections), 176.5ms
Speed: 7.2ms preprocess, 176.5ms inference, 2.9ms postprocess per image at shape (1, 3, 480, 640)
Results saved to runs\detect\predict2
💡 Learn more at https://docs.ultralytics.com/modes/predict

C:\Users\Asus\Desktop\UHI_YOLO_DATA>UHI_YOLO_DATA\runs\detect\predict
The system cannot find the path specified.

C:\Users\Asus\Desktop\UHI_YOLO_DATA>C:\Users\Asus\Desktop\UHI_YOLO_DATA\runs\detect\predict
'C:\Users\Asus\Desktop\UHI_YOLO_DATA\runs\detect\predict' is not recognized as an internal or external command,
operable program or batch file.

C:\Users\Asus\Desktop\UHI_YOLO_DATA>C:\Users\Asus\Desktop\UHI_YOLO_DATA\runs\detect\predict
'C:\Users\Asus\Desktop\UHI_YOLO_DATA\runs\detect\predict' is not recognized as an internal or external command,
operable program or batch file.

C:\Users\Asus\Desktop\UHI_YOLO_DATA>yolo detect train model=yolov8n.pt data=data.yaml epochs=100 imgsz=640
New https://pypi.org/project/ultralytics/8.3.109 available 😃 Update with 'pip install -U ultralytics'
Ultralytics 8.3.108 🚀 Python-3.12.6 torch-2.6.0+cpu CPU (Intel Core(TM) i7-8550U 1.80GHz)
engine\trainer: task=detect, mode=train, model=yolov8n.pt, data=data.yaml, epochs=100, time=None, patience=100, batch=16, imgsz=640,save=True, save_period=-1, cache=False, device=None, workers=8, project=None, name=train3, exist_ok=False, pretrained=True, optimizer=auto, verbose=True, seed=0, deterministic=True, single_cls=False, rect=False, cos_lr=False, close_mosaic=10, resume=False, amp=True, fraction=1.0, profile=False, freeze=None, multi_scale=False, overlap_mask=True, mask_ratio=4, dropout=0.0, val=True, split=val, save_json=False, conf=None, iou=0.7, max_det=300, half=False, dnn=False, plots=True, source=None, vid_stride=1, stream_buffer=False, visualize=False, augment=False, agnostic_nms=False, classes=None, retina_masks=False, embed=None, show=False, save_frames=False, save_txt=False, save_conf=False, save_crop=False, show_labels=True, show_conf=True, show_boxes=True, line_width=None, format=torchscript, keras=False, optimize=False, int8=False, dynamic=False, simplify=True, opset=None, workspace=None, nms=False, lr0=0.01, lrf=0.01, momentum=0.937, weight_decay=0.0005, warmup_epochs=3.0, warmup_momentum=0.8, warmup_bias_lr=0.1, box=7.5, cls=0.5, dfl=1.5, pose=12.0, kobj=1.0, nbs=64, hsv_h=0.015, hsv_s=0.7, hsv_v=0.4, degrees=0.0, translate=0.1, scale=0.5, shear=0.0, perspective=0.0, flipud=0.0, fliplr=0.5, bgr=0.0, mosaic=1.0, mixup=0.0, copy_paste=0.0, copy_paste_mode=flip, auto_augment=randaugment, erasing=0.4, cfg=None, tracker=botsort.yaml, save_dir=runs\detect\train3
Traceback (most recent call last):
  File "C:\Python312\Lib\site-packages\ultralytics\engine\trainer.py", line 582, in get_dataset
    data = check_det_dataset(self.args.data)
           ^^^^^^^^^^^^^^^^^^^^^^^^^^^^^^^^^
  File "C:\Python312\Lib\site-packages\ultralytics\data\utils.py", line 312, in check_det_dataset
    file = check_file(dataset)
           ^^^^^^^^^^^^^^^^^^^
  File "C:\Python312\Lib\site-packages\ultralytics\utils\checks.py", line 546, in check_file
    raise FileNotFoundError(f"'{file}' does not exist")
FileNotFoundError: 'data.yaml' does not exist

The above exception was the direct cause of the following exception:

Traceback (most recent call last):
  File "<frozen runpy>", line 198, in _run_module_as_main
  File "<frozen runpy>", line 88, in _run_code
  File "C:\Python312\Scripts\yolo.exe\__main__.py", line 7, in <module>
  File "C:\Python312\Lib\site-packages\ultralytics\cfg\__init__.py", line 989, in entrypoint
    getattr(model, mode)(**overrides)  # default args from model
    ^^^^^^^^^^^^^^^^^^^^^^^^^^^^^^^^^
  File "C:\Python312\Lib\site-packages\ultralytics\engine\model.py", line 785, in train
    self.trainer = (trainer or self._smart_load("trainer"))(overrides=args, _callbacks=self.callbacks)
                   ^^^^^^^^^^^^^^^^^^^^^^^^^^^^^^^^^^^^^^^^^^^^^^^^^^^^^^^^^^^^^^^^^^^^^^^^^^^^^^^^^^^
  File "C:\Python312\Lib\site-packages\ultralytics\engine\trainer.py", line 137, in __init__
    self.trainset, self.testset = self.get_dataset()
                                  ^^^^^^^^^^^^^^^^^^
  File "C:\Python312\Lib\site-packages\ultralytics\engine\trainer.py", line 586, in get_dataset
    raise RuntimeError(emojis(f"Dataset '{clean_url(self.args.data)}' error ❌ {e}")) from e
RuntimeError: Dataset 'data.yaml' error  'data.yaml' does not exist

C:\Users\Asus\Desktop\UHI_YOLO_DATA>yolo detect train model=yolov8n.pt data=C:/Users/Asus/Desktop/UHI_YOLO_DATA/uhi.yaml epochs=100 imgsz=640
New https://pypi.org/project/ultralytics/8.3.109 available 😃 Update with 'pip install -U ultralytics'
Ultralytics 8.3.108 🚀 Python-3.12.6 torch-2.6.0+cpu CPU (Intel Core(TM) i7-8550U 1.80GHz)
engine\trainer: task=detect, mode=train, model=yolov8n.pt, data=C:/Users/Asus/Desktop/UHI_YOLO_DATA/uhi.yaml, epochs=100, time=None,patience=100, batch=16, imgsz=640, save=True, save_period=-1, cache=False, device=None, workers=8, project=None, name=train4, exist_ok=False, pretrained=True, optimizer=auto, verbose=True, seed=0, deterministic=True, single_cls=False, rect=False, cos_lr=False, close_mosaic=10, resume=False, amp=True, fraction=1.0, profile=False, freeze=None, multi_scale=False, overlap_mask=True, mask_ratio=4, dropout=0.0, val=True, split=val, save_json=False, conf=None, iou=0.7, max_det=300, half=False, dnn=False, plots=True, source=None, vid_stride=1, stream_buffer=False, visualize=False, augment=False, agnostic_nms=False, classes=None, retina_masks=False, embed=None, show=False, save_frames=False, save_txt=False, save_conf=False, save_crop=False, show_labels=True, show_conf=True, show_boxes=True, line_width=None, format=torchscript, keras=False, optimize=False, int8=False, dynamic=False, simplify=True, opset=None, workspace=None, nms=False, lr0=0.01, lrf=0.01, momentum=0.937, weight_decay=0.0005, warmup_epochs=3.0, warmup_momentum=0.8, warmup_bias_lr=0.1, box=7.5, cls=0.5, dfl=1.5, pose=12.0, kobj=1.0, nbs=64, hsv_h=0.015, hsv_s=0.7, hsv_v=0.4, degrees=0.0, translate=0.1, scale=0.5, shear=0.0, perspective=0.0, flipud=0.0, fliplr=0.5, bgr=0.0, mosaic=1.0, mixup=0.0, copy_paste=0.0, copy_paste_mode=flip, auto_augment=randaugment, erasing=0.4, cfg=None, tracker=botsort.yaml, save_dir=runs\detect\train4
Overriding model.yaml nc=80 with nc=1

                   from  n    params  module                                       arguments
  0                  -1  1       464  ultralytics.nn.modules.conv.Conv             [3, 16, 3, 2]
  1                  -1  1      4672  ultralytics.nn.modules.conv.Conv             [16, 32, 3, 2]
  2                  -1  1      7360  ultralytics.nn.modules.block.C2f             [32, 32, 1, True]
  3                  -1  1     18560  ultralytics.nn.modules.conv.Conv             [32, 64, 3, 2]
  4                  -1  2     49664  ultralytics.nn.modules.block.C2f             [64, 64, 2, True]
  5                  -1  1     73984  ultralytics.nn.modules.conv.Conv             [64, 128, 3, 2]
  6                  -1  2    197632  ultralytics.nn.modules.block.C2f             [128, 128, 2, True]
  7                  -1  1    295424  ultralytics.nn.modules.conv.Conv             [128, 256, 3, 2]
  8                  -1  1    460288  ultralytics.nn.modules.block.C2f             [256, 256, 1, True]
  9                  -1  1    164608  ultralytics.nn.modules.block.SPPF            [256, 256, 5]
 10                  -1  1         0  torch.nn.modules.upsampling.Upsample         [None, 2, 'nearest']
 11             [-1, 6]  1         0  ultralytics.nn.modules.conv.Concat           [1]
 12                  -1  1    148224  ultralytics.nn.modules.block.C2f             [384, 128, 1]
 13                  -1  1         0  torch.nn.modules.upsampling.Upsample         [None, 2, 'nearest']
 14             [-1, 4]  1         0  ultralytics.nn.modules.conv.Concat           [1]
 15                  -1  1     37248  ultralytics.nn.modules.block.C2f             [192, 64, 1]
 16                  -1  1     36992  ultralytics.nn.modules.conv.Conv             [64, 64, 3, 2]
 17            [-1, 12]  1         0  ultralytics.nn.modules.conv.Concat           [1]
 18                  -1  1    123648  ultralytics.nn.modules.block.C2f             [192, 128, 1]
 19                  -1  1    147712  ultralytics.nn.modules.conv.Conv             [128, 128, 3, 2]
 20             [-1, 9]  1         0  ultralytics.nn.modules.conv.Concat           [1]
 21                  -1  1    493056  ultralytics.nn.modules.block.C2f             [384, 256, 1]
 22        [15, 18, 21]  1    751507  ultralytics.nn.modules.head.Detect           [1, [64, 128, 256]]
Model summary: 129 layers, 3,011,043 parameters, 3,011,027 gradients, 8.2 GFLOPs

Transferred 319/355 items from pretrained weights
TensorBoard: Start with 'tensorboard --logdir runs\detect\train4', view at http://localhost:6006/
Freezing layer 'model.22.dfl.conv.weight'
train: Scanning C:\Users\Asus\Desktop\UHI_YOLO_DATA\labels\train.cache... 1 images, 0 backgrounds, 0 corrupt: 100%|██████████| 1/1 [
val: Scanning C:\Users\Asus\Desktop\UHI_YOLO_DATA\labels\val.cache... 1 images, 0 backgrounds, 0 corrupt: 100%|██████████| 1/1 [00:0
Plotting labels to runs\detect\train4\labels.jpg...
len() of unsized object
optimizer: 'optimizer=auto' found, ignoring 'lr0=0.01' and 'momentum=0.937' and determining best 'optimizer', 'lr0' and 'momentum' automatically...
optimizer: AdamW(lr=0.002, momentum=0.9) with parameter groups 57 weight(decay=0.0), 64 weight(decay=0.0005), 63 bias(decay=0.0)
TensorBoard: model graph visualization added ✅
Image sizes 640 train, 640 val
Using 0 dataloader workers
Logging results to runs\detect\train4
Starting training for 100 epochs...

      Epoch    GPU_mem   box_loss   cls_loss   dfl_loss  Instances       Size
      1/100         0G       1.92      2.732      2.508          3        640: 100%|██████████| 1/1 [00:01<00:00,  1.18s/it]
                 Class     Images  Instances      Box(P          R      mAP50  mAP50-95): 100%|██████████| 1/1 [00:01<00:00,  1.03s/
                   all          1          1    0.00333          1      0.497      0.304

      Epoch    GPU_mem   box_loss   cls_loss   dfl_loss  Instances       Size
      2/100         0G      1.171      4.125      1.178          1        640: 100%|██████████| 1/1 [00:01<00:00,  1.87s/it]
                 Class     Images  Instances      Box(P          R      mAP50  mAP50-95): 100%|██████████| 1/1 [00:00<00:00,  2.46it
                   all          1          1    0.00333          1      0.497      0.304

      Epoch    GPU_mem   box_loss   cls_loss   dfl_loss  Instances       Size
      3/100         0G     0.9085      3.358      1.459          1        640: 100%|██████████| 1/1 [00:00<00:00,  1.15it/s]
                 Class     Images  Instances      Box(P          R      mAP50  mAP50-95): 100%|██████████| 1/1 [00:00<00:00,  2.73it
                   all          1          1    0.00333          1      0.497      0.302

      Epoch    GPU_mem   box_loss   cls_loss   dfl_loss  Instances       Size
      4/100         0G      1.157      2.643      1.752          2        640: 100%|██████████| 1/1 [00:00<00:00,  1.34it/s]
                 Class     Images  Instances      Box(P          R      mAP50  mAP50-95): 100%|██████████| 1/1 [00:00<00:00,  2.55it
                   all          1          1    0.00333          1      0.497      0.298

      Epoch    GPU_mem   box_loss   cls_loss   dfl_loss  Instances       Size
      5/100         0G      1.818      2.781      2.109          2        640: 100%|██████████| 1/1 [00:01<00:00,  1.02s/it]
                 Class     Images  Instances      Box(P          R      mAP50  mAP50-95): 100%|██████████| 1/1 [00:00<00:00,  1.65it
                   all          1          1    0.00333          1      0.995      0.609

      Epoch    GPU_mem   box_loss   cls_loss   dfl_loss  Instances       Size
      6/100         0G      1.345      2.353      1.895          4        640: 100%|██████████| 1/1 [00:00<00:00,  1.14it/s]
                 Class     Images  Instances      Box(P          R      mAP50  mAP50-95): 100%|██████████| 1/1 [00:00<00:00,  2.45it
                   all          1          1    0.00333          1      0.995      0.597

      Epoch    GPU_mem   box_loss   cls_loss   dfl_loss  Instances       Size
      7/100         0G      0.733       2.88      1.306          2        640: 100%|██████████| 1/1 [00:00<00:00,  1.13it/s]
                 Class     Images  Instances      Box(P          R      mAP50  mAP50-95): 100%|██████████| 1/1 [00:00<00:00,  2.17it
                   all          1          1    0.00333          1      0.995      0.697

      Epoch    GPU_mem   box_loss   cls_loss   dfl_loss  Instances       Size
      8/100         0G     0.7535      2.119       1.21          4        640: 100%|██████████| 1/1 [00:00<00:00,  1.23it/s]
                 Class     Images  Instances      Box(P          R      mAP50  mAP50-95): 100%|██████████| 1/1 [00:00<00:00,  2.55it
                   all          1          1    0.00333          1      0.995      0.597

      Epoch    GPU_mem   box_loss   cls_loss   dfl_loss  Instances       Size
      9/100         0G     0.8625      2.339      1.274          4        640: 100%|██████████| 1/1 [00:01<00:00,  1.38s/it]
                 Class     Images  Instances      Box(P          R      mAP50  mAP50-95): 100%|██████████| 1/1 [00:00<00:00,  2.63it
                   all          1          1    0.00333          1      0.995      0.597

      Epoch    GPU_mem   box_loss   cls_loss   dfl_loss  Instances       Size
     10/100         0G     0.7668      3.086      1.255          1        640: 100%|██████████| 1/1 [00:00<00:00,  1.13it/s]
                 Class     Images  Instances      Box(P          R      mAP50  mAP50-95): 100%|██████████| 1/1 [00:00<00:00,  2.42it
                   all          1          1    0.00333          1      0.995      0.597

      Epoch    GPU_mem   box_loss   cls_loss   dfl_loss  Instances       Size
     11/100         0G     0.4518      1.879     0.8605          4        640: 100%|██████████| 1/1 [00:00<00:00,  1.31it/s]
                 Class     Images  Instances      Box(P          R      mAP50  mAP50-95): 100%|██████████| 1/1 [00:00<00:00,  2.53it
                   all          1          1    0.00333          1      0.995      0.697

      Epoch    GPU_mem   box_loss   cls_loss   dfl_loss  Instances       Size
     12/100         0G      1.861      2.585      2.283          2        640: 100%|██████████| 1/1 [00:00<00:00,  1.28it/s]
                 Class     Images  Instances      Box(P          R      mAP50  mAP50-95): 100%|██████████| 1/1 [00:00<00:00,  1.52it
                   all          1          1    0.00333          1      0.995      0.697

      Epoch    GPU_mem   box_loss   cls_loss   dfl_loss  Instances       Size
     13/100         0G     0.6083      1.564     0.8452          2        640: 100%|██████████| 1/1 [00:00<00:00,  1.31it/s]
                 Class     Images  Instances      Box(P          R      mAP50  mAP50-95): 100%|██████████| 1/1 [00:00<00:00,  2.51it
                   all          1          1    0.00333          1      0.995      0.796

      Epoch    GPU_mem   box_loss   cls_loss   dfl_loss  Instances       Size
     14/100         0G      1.007      2.681      1.396          2        640: 100%|██████████| 1/1 [00:00<00:00,  1.33it/s]
                 Class     Images  Instances      Box(P          R      mAP50  mAP50-95): 100%|██████████| 1/1 [00:00<00:00,  2.48it
                   all          1          1    0.00333          1      0.995      0.796

      Epoch    GPU_mem   box_loss   cls_loss   dfl_loss  Instances       Size
     15/100         0G      1.614       3.67      2.199          1        640: 100%|██████████| 1/1 [00:00<00:00,  1.32it/s]
                 Class     Images  Instances      Box(P          R      mAP50  mAP50-95): 100%|██████████| 1/1 [00:00<00:00,  2.55it
                   all          1          1    0.00333          1      0.995      0.796

      Epoch    GPU_mem   box_loss   cls_loss   dfl_loss  Instances       Size
     16/100         0G      1.283      2.459      1.324          2        640: 100%|██████████| 1/1 [00:01<00:00,  1.11s/it]
                 Class     Images  Instances      Box(P          R      mAP50  mAP50-95): 100%|██████████| 1/1 [00:00<00:00,  1.69it
                   all          1          1    0.00333          1      0.995      0.796

      Epoch    GPU_mem   box_loss   cls_loss   dfl_loss  Instances       Size
     17/100         0G     0.6851      2.118       1.02          2        640: 100%|██████████| 1/1 [00:00<00:00,  1.30it/s]
                 Class     Images  Instances      Box(P          R      mAP50  mAP50-95): 100%|██████████| 1/1 [00:00<00:00,  2.88it
                   all          1          1    0.00333          1      0.995      0.796

      Epoch    GPU_mem   box_loss   cls_loss   dfl_loss  Instances       Size
     18/100         0G     0.4493      1.102     0.9261          4        640: 100%|██████████| 1/1 [00:00<00:00,  1.62it/s]
                 Class     Images  Instances      Box(P          R      mAP50  mAP50-95): 100%|██████████| 1/1 [00:00<00:00,  2.71it
                   all          1          1    0.00333          1      0.995      0.796

      Epoch    GPU_mem   box_loss   cls_loss   dfl_loss  Instances       Size
     19/100         0G     0.6536      1.699      1.126          4        640: 100%|██████████| 1/1 [00:00<00:00,  1.31it/s]
                 Class     Images  Instances      Box(P          R      mAP50  mAP50-95): 100%|██████████| 1/1 [00:00<00:00,  2.59it
                   all          1          1    0.00333          1      0.995      0.895

      Epoch    GPU_mem   box_loss   cls_loss   dfl_loss  Instances       Size
     20/100         0G     0.8393      1.107      1.454          2        640: 100%|██████████| 1/1 [00:01<00:00,  1.20s/it]
                 Class     Images  Instances      Box(P          R      mAP50  mAP50-95): 100%|██████████| 1/1 [00:00<00:00,  2.39it
                   all          1          1    0.00333          1      0.995      0.895

      Epoch    GPU_mem   box_loss   cls_loss   dfl_loss  Instances       Size
     21/100         0G     0.4085       1.08     0.9997          2        640: 100%|██████████| 1/1 [00:00<00:00,  1.23it/s]
                 Class     Images  Instances      Box(P          R      mAP50  mAP50-95): 100%|██████████| 1/1 [00:00<00:00,  2.88it
                   all          1          1    0.00333          1      0.995      0.895

      Epoch    GPU_mem   box_loss   cls_loss   dfl_loss  Instances       Size
     22/100         0G      1.506       3.35      1.684          1        640: 100%|██████████| 1/1 [00:00<00:00,  1.62it/s]
                 Class     Images  Instances      Box(P          R      mAP50  mAP50-95): 100%|██████████| 1/1 [00:00<00:00,  3.25it
                   all          1          1    0.00333          1      0.995      0.895

      Epoch    GPU_mem   box_loss   cls_loss   dfl_loss  Instances       Size
     23/100         0G      0.283     0.9628      1.028          2        640: 100%|██████████| 1/1 [00:00<00:00,  1.54it/s]
                 Class     Images  Instances      Box(P          R      mAP50  mAP50-95): 100%|██████████| 1/1 [00:00<00:00,  2.86it
                   all          1          1    0.00333          1      0.995      0.796

      Epoch    GPU_mem   box_loss   cls_loss   dfl_loss  Instances       Size
     24/100         0G     0.8145     0.9723      1.035          4        640: 100%|██████████| 1/1 [00:01<00:00,  1.03s/it]
                 Class     Images  Instances      Box(P          R      mAP50  mAP50-95): 100%|██████████| 1/1 [00:00<00:00,  1.79it
                   all          1          1    0.00333          1      0.995      0.796

      Epoch    GPU_mem   box_loss   cls_loss   dfl_loss  Instances       Size
     25/100         0G     0.7341     0.9042      1.009          4        640: 100%|██████████| 1/1 [00:00<00:00,  1.29it/s]
                 Class     Images  Instances      Box(P          R      mAP50  mAP50-95): 100%|██████████| 1/1 [00:00<00:00,  2.57it
                   all          1          1      0.309          1      0.995      0.469

      Epoch    GPU_mem   box_loss   cls_loss   dfl_loss  Instances       Size
     26/100         0G      0.966      2.464      1.351          2        640: 100%|██████████| 1/1 [00:00<00:00,  1.52it/s]
                 Class     Images  Instances      Box(P          R      mAP50  mAP50-95): 100%|██████████| 1/1 [00:00<00:00,  2.40it
                   all          1          1      0.309          1      0.995      0.469

      Epoch    GPU_mem   box_loss   cls_loss   dfl_loss  Instances       Size
     27/100         0G      1.314      4.405      1.534          1        640: 100%|██████████| 1/1 [00:00<00:00,  1.42it/s]
                 Class     Images  Instances      Box(P          R      mAP50  mAP50-95): 100%|██████████| 1/1 [00:00<00:00,  2.49it
                   all          1          1      0.495          1      0.995      0.336

      Epoch    GPU_mem   box_loss   cls_loss   dfl_loss  Instances       Size
     28/100         0G      1.924      6.501      1.945          1        640: 100%|██████████| 1/1 [00:01<00:00,  1.26s/it]
                 Class     Images  Instances      Box(P          R      mAP50  mAP50-95): 100%|██████████| 1/1 [00:00<00:00,  2.48it
                   all          1          1      0.495          1      0.995      0.336

      Epoch    GPU_mem   box_loss   cls_loss   dfl_loss  Instances       Size
     29/100         0G     0.5915      1.031      1.092          2        640: 100%|██████████| 1/1 [00:00<00:00,  1.11it/s]
                 Class     Images  Instances      Box(P          R      mAP50  mAP50-95): 100%|██████████| 1/1 [00:00<00:00,  2.27it
                   all          1          1    0.00779          1      0.995      0.458

      Epoch    GPU_mem   box_loss   cls_loss   dfl_loss  Instances       Size
     30/100         0G     0.8407      1.399      1.827          2        640: 100%|██████████| 1/1 [00:00<00:00,  1.57it/s]
                 Class     Images  Instances      Box(P          R      mAP50  mAP50-95): 100%|██████████| 1/1 [00:00<00:00,  2.37it
                   all          1          1    0.00779          1      0.995      0.458

      Epoch    GPU_mem   box_loss   cls_loss   dfl_loss  Instances       Size
     31/100         0G     0.8511      1.395      1.415          2        640: 100%|██████████| 1/1 [00:00<00:00,  1.33it/s]
                 Class     Images  Instances      Box(P          R      mAP50  mAP50-95): 100%|██████████| 1/1 [00:00<00:00,  1.73it
                   all          1          1    0.00333          1      0.995      0.796

      Epoch    GPU_mem   box_loss   cls_loss   dfl_loss  Instances       Size
     32/100         0G      1.185       1.65      1.398          4        640: 100%|██████████| 1/1 [00:00<00:00,  1.61it/s]
                 Class     Images  Instances      Box(P          R      mAP50  mAP50-95): 100%|██████████| 1/1 [00:00<00:00,  2.45it
                   all          1          1    0.00333          1      0.995      0.796

      Epoch    GPU_mem   box_loss   cls_loss   dfl_loss  Instances       Size
     33/100         0G     0.6993      1.503      1.199          2        640: 100%|██████████| 1/1 [00:01<00:00,  1.04s/it]
                 Class     Images  Instances      Box(P          R      mAP50  mAP50-95): 100%|██████████| 1/1 [00:00<00:00,  2.21it
                   all          1          1    0.00333          1      0.497      0.448

      Epoch    GPU_mem   box_loss   cls_loss   dfl_loss  Instances       Size
     34/100         0G     0.4721      1.728      1.214          1        640: 100%|██████████| 1/1 [00:00<00:00,  1.60it/s]
                 Class     Images  Instances      Box(P          R      mAP50  mAP50-95): 100%|██████████| 1/1 [00:00<00:00,  2.35it
                   all          1          1    0.00333          1      0.497      0.448

      Epoch    GPU_mem   box_loss   cls_loss   dfl_loss  Instances       Size
     35/100         0G      1.535      4.187      1.937          1        640: 100%|██████████| 1/1 [00:01<00:00,  1.20s/it]
                 Class     Images  Instances      Box(P          R      mAP50  mAP50-95): 100%|██████████| 1/1 [00:00<00:00,  1.53it
                   all          1          1    0.00333          1      0.332      0.224

      Epoch    GPU_mem   box_loss   cls_loss   dfl_loss  Instances       Size
     36/100         0G     0.5275      1.474     0.9483          2        640: 100%|██████████| 1/1 [00:00<00:00,  1.57it/s]
                 Class     Images  Instances      Box(P          R      mAP50  mAP50-95): 100%|██████████| 1/1 [00:00<00:00,  2.32it
                   all          1          1    0.00333          1      0.332      0.224

      Epoch    GPU_mem   box_loss   cls_loss   dfl_loss  Instances       Size
     37/100         0G        0.5       1.68      1.041          2        640: 100%|██████████| 1/1 [00:00<00:00,  1.30it/s]
                 Class     Images  Instances      Box(P          R      mAP50  mAP50-95): 100%|██████████| 1/1 [00:00<00:00,  2.41it
                   all          1          1    0.00333          1      0.332       0.24

      Epoch    GPU_mem   box_loss   cls_loss   dfl_loss  Instances       Size
     38/100         0G      3.351      5.035      3.162          1        640: 100%|██████████| 1/1 [00:00<00:00,  1.47it/s]
                 Class     Images  Instances      Box(P          R      mAP50  mAP50-95): 100%|██████████| 1/1 [00:00<00:00,  2.78it
                   all          1          1    0.00333          1      0.332       0.24

      Epoch    GPU_mem   box_loss   cls_loss   dfl_loss  Instances       Size
     39/100         0G     0.6495       1.44      1.059          2        640: 100%|██████████| 1/1 [00:01<00:00,  1.33s/it]
                 Class     Images  Instances      Box(P          R      mAP50  mAP50-95): 100%|██████████| 1/1 [00:00<00:00,  3.04it
                   all          1          1    0.00333          1      0.497      0.298

      Epoch    GPU_mem   box_loss   cls_loss   dfl_loss  Instances       Size
     40/100         0G     0.9258      1.614      1.317          4        640: 100%|██████████| 1/1 [00:00<00:00,  1.59it/s]
                 Class     Images  Instances      Box(P          R      mAP50  mAP50-95): 100%|██████████| 1/1 [00:00<00:00,  2.42it
                   all          1          1    0.00333          1      0.497      0.298

      Epoch    GPU_mem   box_loss   cls_loss   dfl_loss  Instances       Size
     41/100         0G      1.368      2.729      1.588          4        640: 100%|██████████| 1/1 [00:00<00:00,  1.32it/s]
                 Class     Images  Instances      Box(P          R      mAP50  mAP50-95): 100%|██████████| 1/1 [00:00<00:00,  2.42it
                   all          1          1    0.00333          1      0.995      0.895

      Epoch    GPU_mem   box_loss   cls_loss   dfl_loss  Instances       Size
     42/100         0G     0.5519      1.578      1.163          2        640: 100%|██████████| 1/1 [00:00<00:00,  1.59it/s]
                 Class     Images  Instances      Box(P          R      mAP50  mAP50-95): 100%|██████████| 1/1 [00:00<00:00,  2.53it
                   all          1          1    0.00333          1      0.995      0.895

      Epoch    GPU_mem   box_loss   cls_loss   dfl_loss  Instances       Size
     43/100         0G       1.18      2.264      1.352          2        640: 100%|██████████| 1/1 [00:01<00:00,  1.26s/it]
                 Class     Images  Instances      Box(P          R      mAP50  mAP50-95): 100%|██████████| 1/1 [00:00<00:00,  2.53it
                   all          1          1      0.763          1      0.995      0.895

      Epoch    GPU_mem   box_loss   cls_loss   dfl_loss  Instances       Size
     44/100         0G     0.6076      1.649      1.158          2        640: 100%|██████████| 1/1 [00:00<00:00,  1.52it/s]
                 Class     Images  Instances      Box(P          R      mAP50  mAP50-95): 100%|██████████| 1/1 [00:00<00:00,  2.36it
                   all          1          1      0.763          1      0.995      0.895

      Epoch    GPU_mem   box_loss   cls_loss   dfl_loss  Instances       Size
     45/100         0G     0.7341       1.23      1.044          2        640: 100%|██████████| 1/1 [00:00<00:00,  1.28it/s]
                 Class     Images  Instances      Box(P          R      mAP50  mAP50-95): 100%|██████████| 1/1 [00:00<00:00,  2.40it
                   all          1          1      0.881          1      0.995      0.895

      Epoch    GPU_mem   box_loss   cls_loss   dfl_loss  Instances       Size
     46/100         0G      1.013      2.581      1.737          1        640: 100%|██████████| 1/1 [00:00<00:00,  1.40it/s]
                 Class     Images  Instances      Box(P          R      mAP50  mAP50-95): 100%|██████████| 1/1 [00:00<00:00,  1.43it
                   all          1          1      0.881          1      0.995      0.895

      Epoch    GPU_mem   box_loss   cls_loss   dfl_loss  Instances       Size
     47/100         0G      1.179      1.792      1.155          4        640: 100%|██████████| 1/1 [00:00<00:00,  1.28it/s]
                 Class     Images  Instances      Box(P          R      mAP50  mAP50-95): 100%|██████████| 1/1 [00:00<00:00,  2.51it
                   all          1          1      0.914          1      0.995      0.895

      Epoch    GPU_mem   box_loss   cls_loss   dfl_loss  Instances       Size
     48/100         0G     0.5452      1.248       1.01          4        640: 100%|██████████| 1/1 [00:00<00:00,  1.55it/s]
                 Class     Images  Instances      Box(P          R      mAP50  mAP50-95): 100%|██████████| 1/1 [00:00<00:00,  3.12it
                   all          1          1      0.914          1      0.995      0.895

      Epoch    GPU_mem   box_loss   cls_loss   dfl_loss  Instances       Size
     49/100         0G      1.013      1.936      1.304          4        640: 100%|██████████| 1/1 [00:00<00:00,  1.34it/s]
                 Class     Images  Instances      Box(P          R      mAP50  mAP50-95): 100%|██████████| 1/1 [00:00<00:00,  2.51it
                   all          1          1      0.923          1      0.995      0.796

      Epoch    GPU_mem   box_loss   cls_loss   dfl_loss  Instances       Size
     50/100         0G     0.5191      1.794     0.9649          1        640: 100%|██████████| 1/1 [00:01<00:00,  1.12s/it]
                 Class     Images  Instances      Box(P          R      mAP50  mAP50-95): 100%|██████████| 1/1 [00:00<00:00,  1.55it
                   all          1          1      0.923          1      0.995      0.796

      Epoch    GPU_mem   box_loss   cls_loss   dfl_loss  Instances       Size
     51/100         0G     0.4407      1.122      0.861          4        640: 100%|██████████| 1/1 [00:00<00:00,  1.27it/s]
                 Class     Images  Instances      Box(P          R      mAP50  mAP50-95): 100%|██████████| 1/1 [00:00<00:00,  2.54it
                   all          1          1      0.955          1      0.995      0.796

      Epoch    GPU_mem   box_loss   cls_loss   dfl_loss  Instances       Size
     52/100         0G     0.5105      2.329       1.22          1        640: 100%|██████████| 1/1 [00:00<00:00,  1.75it/s]
                 Class     Images  Instances      Box(P          R      mAP50  mAP50-95): 100%|██████████| 1/1 [00:00<00:00,  2.50it
                   all          1          1      0.955          1      0.995      0.796

      Epoch    GPU_mem   box_loss   cls_loss   dfl_loss  Instances       Size
     53/100         0G      1.463      2.684      1.949          1        640: 100%|██████████| 1/1 [00:00<00:00,  1.54it/s]
                 Class     Images  Instances      Box(P          R      mAP50  mAP50-95): 100%|██████████| 1/1 [00:00<00:00,  2.37it
                   all          1          1      0.955          1      0.995      0.796

      Epoch    GPU_mem   box_loss   cls_loss   dfl_loss  Instances       Size
     54/100         0G     0.9756      1.951      1.295          2        640: 100%|██████████| 1/1 [00:01<00:00,  1.38s/it]
                 Class     Images  Instances      Box(P          R      mAP50  mAP50-95): 100%|██████████| 1/1 [00:00<00:00,  2.10it
                   all          1          1      0.955          1      0.995      0.796

      Epoch    GPU_mem   box_loss   cls_loss   dfl_loss  Instances       Size
     55/100         0G      1.289      1.487      1.133          2        640: 100%|██████████| 1/1 [00:00<00:00,  1.55it/s]
                 Class     Images  Instances      Box(P          R      mAP50  mAP50-95): 100%|██████████| 1/1 [00:00<00:00,  2.51it
                   all          1          1      0.955          1      0.995      0.796

      Epoch    GPU_mem   box_loss   cls_loss   dfl_loss  Instances       Size
     56/100         0G     0.8862      2.245       1.34          1        640: 100%|██████████| 1/1 [00:00<00:00,  1.56it/s]
                 Class     Images  Instances      Box(P          R      mAP50  mAP50-95): 100%|██████████| 1/1 [00:00<00:00,  2.42it
                   all          1          1      0.955          1      0.995      0.796

      Epoch    GPU_mem   box_loss   cls_loss   dfl_loss  Instances       Size
     57/100         0G      1.278      2.116      1.278          4        640: 100%|██████████| 1/1 [00:00<00:00,  1.31it/s]
                 Class     Images  Instances      Box(P          R      mAP50  mAP50-95): 100%|██████████| 1/1 [00:00<00:00,  2.76it
                   all          1          1      0.955          1      0.995      0.995

      Epoch    GPU_mem   box_loss   cls_loss   dfl_loss  Instances       Size
     58/100         0G      1.215      1.576      1.299          2        640: 100%|██████████| 1/1 [00:01<00:00,  1.18s/it]
                 Class     Images  Instances      Box(P          R      mAP50  mAP50-95): 100%|██████████| 1/1 [00:00<00:00,  2.93it
                   all          1          1      0.955          1      0.995      0.995

      Epoch    GPU_mem   box_loss   cls_loss   dfl_loss  Instances       Size
     59/100         0G     0.3899     0.9637      0.857          4        640: 100%|██████████| 1/1 [00:00<00:00,  1.54it/s]
                 Class     Images  Instances      Box(P          R      mAP50  mAP50-95): 100%|██████████| 1/1 [00:00<00:00,  2.52it
                   all          1          1      0.955          1      0.995      0.995

      Epoch    GPU_mem   box_loss   cls_loss   dfl_loss  Instances       Size
     60/100         0G     0.4788      1.109      1.096          2        640: 100%|██████████| 1/1 [00:00<00:00,  1.38it/s]
                 Class     Images  Instances      Box(P          R      mAP50  mAP50-95): 100%|██████████| 1/1 [00:00<00:00,  2.49it
                   all          1          1      0.966          1      0.995      0.895

      Epoch    GPU_mem   box_loss   cls_loss   dfl_loss  Instances       Size
     61/100         0G     0.4593      1.117     0.7946          2        640: 100%|██████████| 1/1 [00:00<00:00,  1.80it/s]
                 Class     Images  Instances      Box(P          R      mAP50  mAP50-95): 100%|██████████| 1/1 [00:00<00:00,  1.78it
                   all          1          1      0.966          1      0.995      0.895

      Epoch    GPU_mem   box_loss   cls_loss   dfl_loss  Instances       Size
     62/100         0G     0.5896      1.599      1.116          4        640: 100%|██████████| 1/1 [00:00<00:00,  1.14it/s]
                 Class     Images  Instances      Box(P          R      mAP50  mAP50-95): 100%|██████████| 1/1 [00:00<00:00,  2.47it
                   all          1          1      0.966          1      0.995      0.895

      Epoch    GPU_mem   box_loss   cls_loss   dfl_loss  Instances       Size
     63/100         0G     0.6113      1.538      1.028          1        640: 100%|██████████| 1/1 [00:00<00:00,  1.34it/s]
                 Class     Images  Instances      Box(P          R      mAP50  mAP50-95): 100%|██████████| 1/1 [00:00<00:00,  2.26it
                   all          1          1      0.971          1      0.995      0.995

      Epoch    GPU_mem   box_loss   cls_loss   dfl_loss  Instances       Size
     64/100         0G     0.3955      1.016     0.9383          2        640: 100%|██████████| 1/1 [00:00<00:00,  1.53it/s]
                 Class     Images  Instances      Box(P          R      mAP50  mAP50-95): 100%|██████████| 1/1 [00:00<00:00,  2.80it
                   all          1          1      0.971          1      0.995      0.995

      Epoch    GPU_mem   box_loss   cls_loss   dfl_loss  Instances       Size
     65/100         0G     0.5082      1.122     0.9816          4        640: 100%|██████████| 1/1 [00:00<00:00,  1.15it/s]
                 Class     Images  Instances      Box(P          R      mAP50  mAP50-95): 100%|██████████| 1/1 [00:00<00:00,  1.56it
                   all          1          1      0.971          1      0.995      0.995

      Epoch    GPU_mem   box_loss   cls_loss   dfl_loss  Instances       Size
     66/100         0G     0.6182      1.862      1.098          1        640: 100%|██████████| 1/1 [00:00<00:00,  1.17it/s]
                 Class     Images  Instances      Box(P          R      mAP50  mAP50-95): 100%|██████████| 1/1 [00:00<00:00,  2.55it
                   all          1          1      0.965          1      0.995      0.995

      Epoch    GPU_mem   box_loss   cls_loss   dfl_loss  Instances       Size
     67/100         0G     0.3871      1.228       1.21          1        640: 100%|██████████| 1/1 [00:00<00:00,  1.49it/s]
                 Class     Images  Instances      Box(P          R      mAP50  mAP50-95): 100%|██████████| 1/1 [00:00<00:00,  2.88it
                   all          1          1      0.965          1      0.995      0.995

      Epoch    GPU_mem   box_loss   cls_loss   dfl_loss  Instances       Size
     68/100         0G      1.149      1.628      1.498          4        640: 100%|██████████| 1/1 [00:00<00:00,  1.66it/s]
                 Class     Images  Instances      Box(P          R      mAP50  mAP50-95): 100%|██████████| 1/1 [00:00<00:00,  2.46it
                   all          1          1      0.965          1      0.995      0.995

      Epoch    GPU_mem   box_loss   cls_loss   dfl_loss  Instances       Size
     69/100         0G     0.7719      1.622      1.142          4        640: 100%|██████████| 1/1 [00:01<00:00,  1.39s/it]
                 Class     Images  Instances      Box(P          R      mAP50  mAP50-95): 100%|██████████| 1/1 [00:00<00:00,  2.11it
                   all          1          1      0.966          1      0.995      0.895

      Epoch    GPU_mem   box_loss   cls_loss   dfl_loss  Instances       Size
     70/100         0G      0.425      1.643      1.132          1        640: 100%|██████████| 1/1 [00:00<00:00,  1.56it/s]
                 Class     Images  Instances      Box(P          R      mAP50  mAP50-95): 100%|██████████| 1/1 [00:00<00:00,  2.69it
                   all          1          1      0.966          1      0.995      0.895

      Epoch    GPU_mem   box_loss   cls_loss   dfl_loss  Instances       Size
     71/100         0G     0.7564       1.41      1.393          2        640: 100%|██████████| 1/1 [00:00<00:00,  1.52it/s]
                 Class     Images  Instances      Box(P          R      mAP50  mAP50-95): 100%|██████████| 1/1 [00:00<00:00,  2.52it
                   all          1          1      0.966          1      0.995      0.895

      Epoch    GPU_mem   box_loss   cls_loss   dfl_loss  Instances       Size
     72/100         0G      0.836      1.676      1.399          2        640: 100%|██████████| 1/1 [00:00<00:00,  1.38it/s]
                 Class     Images  Instances      Box(P          R      mAP50  mAP50-95): 100%|██████████| 1/1 [00:00<00:00,  2.35it
                   all          1          1      0.971          1      0.995      0.995

      Epoch    GPU_mem   box_loss   cls_loss   dfl_loss  Instances       Size
     73/100         0G     0.5485      1.067     0.7968          2        640: 100%|██████████| 1/1 [00:01<00:00,  1.20s/it]
                 Class     Images  Instances      Box(P          R      mAP50  mAP50-95): 100%|██████████| 1/1 [00:00<00:00,  2.21it
                   all          1          1      0.971          1      0.995      0.995

      Epoch    GPU_mem   box_loss   cls_loss   dfl_loss  Instances       Size
     74/100         0G      1.122      1.333      1.661          2        640: 100%|██████████| 1/1 [00:00<00:00,  1.60it/s]
                 Class     Images  Instances      Box(P          R      mAP50  mAP50-95): 100%|██████████| 1/1 [00:00<00:00,  2.42it
                   all          1          1      0.971          1      0.995      0.995

      Epoch    GPU_mem   box_loss   cls_loss   dfl_loss  Instances       Size
     75/100         0G     0.4405      1.024      0.973          4        640: 100%|██████████| 1/1 [00:00<00:00,  1.22it/s]
                 Class     Images  Instances      Box(P          R      mAP50  mAP50-95): 100%|██████████| 1/1 [00:00<00:00,  2.62it
                   all          1          1      0.972          1      0.995      0.995

      Epoch    GPU_mem   box_loss   cls_loss   dfl_loss  Instances       Size
     76/100         0G       1.13      1.312      1.319          4        640: 100%|██████████| 1/1 [00:00<00:00,  1.55it/s]
                 Class     Images  Instances      Box(P          R      mAP50  mAP50-95): 100%|██████████| 1/1 [00:00<00:00,  3.17it
                   all          1          1      0.972          1      0.995      0.995

      Epoch    GPU_mem   box_loss   cls_loss   dfl_loss  Instances       Size
     77/100         0G      0.791      2.034      1.525          1        640: 100%|██████████| 1/1 [00:01<00:00,  1.14s/it]
                 Class     Images  Instances      Box(P          R      mAP50  mAP50-95): 100%|██████████| 1/1 [00:00<00:00,  2.91it
                   all          1          1      0.972          1      0.995      0.995

      Epoch    GPU_mem   box_loss   cls_loss   dfl_loss  Instances       Size
     78/100         0G      1.121      1.059      1.294          2        640: 100%|██████████| 1/1 [00:00<00:00,  1.24it/s]
                 Class     Images  Instances      Box(P          R      mAP50  mAP50-95): 100%|██████████| 1/1 [00:00<00:00,  2.40it
                   all          1          1       0.97          1      0.995      0.995

      Epoch    GPU_mem   box_loss   cls_loss   dfl_loss  Instances       Size
     79/100         0G      1.265      1.926      1.638          2        640: 100%|██████████| 1/1 [00:00<00:00,  1.47it/s]
                 Class     Images  Instances      Box(P          R      mAP50  mAP50-95): 100%|██████████| 1/1 [00:00<00:00,  2.36it
                   all          1          1       0.97          1      0.995      0.995

      Epoch    GPU_mem   box_loss   cls_loss   dfl_loss  Instances       Size
     80/100         0G     0.4717      5.564      1.205          1        640: 100%|██████████| 1/1 [00:00<00:00,  1.23it/s]
                 Class     Images  Instances      Box(P          R      mAP50  mAP50-95): 100%|██████████| 1/1 [00:00<00:00,  1.47it
                   all          1          1       0.97          1      0.995      0.995

      Epoch    GPU_mem   box_loss   cls_loss   dfl_loss  Instances       Size
     81/100         0G     0.9484      1.609      1.852          2        640: 100%|██████████| 1/1 [00:00<00:00,  1.35it/s]
                 Class     Images  Instances      Box(P          R      mAP50  mAP50-95): 100%|██████████| 1/1 [00:00<00:00,  2.30it
                   all          1          1      0.965          1      0.995      0.995

      Epoch    GPU_mem   box_loss   cls_loss   dfl_loss  Instances       Size
     82/100         0G       1.34      1.288      1.416          4        640: 100%|██████████| 1/1 [00:00<00:00,  1.59it/s]
                 Class     Images  Instances      Box(P          R      mAP50  mAP50-95): 100%|██████████| 1/1 [00:00<00:00,  2.83it
                   all          1          1      0.965          1      0.995      0.995

      Epoch    GPU_mem   box_loss   cls_loss   dfl_loss  Instances       Size
     83/100         0G     0.7148      1.326      1.181          2        640: 100%|██████████| 1/1 [00:00<00:00,  1.54it/s]
                 Class     Images  Instances      Box(P          R      mAP50  mAP50-95): 100%|██████████| 1/1 [00:00<00:00,  2.54it
                   all          1          1      0.965          1      0.995      0.995

      Epoch    GPU_mem   box_loss   cls_loss   dfl_loss  Instances       Size
     84/100         0G     0.3669       1.33     0.9271          1        640: 100%|██████████| 1/1 [00:01<00:00,  1.49s/it]
                 Class     Images  Instances      Box(P          R      mAP50  mAP50-95): 100%|██████████| 1/1 [00:00<00:00,  2.27it
                   all          1          1      0.961          1      0.995      0.995

      Epoch    GPU_mem   box_loss   cls_loss   dfl_loss  Instances       Size
     85/100         0G     0.7676      1.366      1.191          4        640: 100%|██████████| 1/1 [00:00<00:00,  1.57it/s]
                 Class     Images  Instances      Box(P          R      mAP50  mAP50-95): 100%|██████████| 1/1 [00:00<00:00,  2.59it
                   all          1          1      0.961          1      0.995      0.995

      Epoch    GPU_mem   box_loss   cls_loss   dfl_loss  Instances       Size
     86/100         0G     0.9739      1.443      1.266          2        640: 100%|██████████| 1/1 [00:00<00:00,  1.71it/s]
                 Class     Images  Instances      Box(P          R      mAP50  mAP50-95): 100%|██████████| 1/1 [00:00<00:00,  2.52it
                   all          1          1      0.961          1      0.995      0.995

      Epoch    GPU_mem   box_loss   cls_loss   dfl_loss  Instances       Size
     87/100         0G     0.6874      3.406      1.186          1        640: 100%|██████████| 1/1 [00:00<00:00,  1.62it/s]
                 Class     Images  Instances      Box(P          R      mAP50  mAP50-95): 100%|██████████| 1/1 [00:00<00:00,  2.29it
                   all          1          1      0.961          1      0.995      0.995

      Epoch    GPU_mem   box_loss   cls_loss   dfl_loss  Instances       Size
     88/100         0G     0.6025      1.267      1.258          2        640: 100%|██████████| 1/1 [00:01<00:00,  1.35s/it]
                 Class     Images  Instances      Box(P          R      mAP50  mAP50-95): 100%|██████████| 1/1 [00:00<00:00,  1.77it
                   all          1          1      0.969          1      0.995      0.995

      Epoch    GPU_mem   box_loss   cls_loss   dfl_loss  Instances       Size
     89/100         0G     0.5634      1.605      1.526          1        640: 100%|██████████| 1/1 [00:00<00:00,  1.53it/s]
                 Class     Images  Instances      Box(P          R      mAP50  mAP50-95): 100%|██████████| 1/1 [00:00<00:00,  2.41it
                   all          1          1      0.969          1      0.995      0.995

      Epoch    GPU_mem   box_loss   cls_loss   dfl_loss  Instances       Size
     90/100         0G     0.5227     0.9551     0.9073          4        640: 100%|██████████| 1/1 [00:00<00:00,  1.58it/s]
                 Class     Images  Instances      Box(P          R      mAP50  mAP50-95): 100%|██████████| 1/1 [00:00<00:00,  2.83it
                   all          1          1      0.969          1      0.995      0.995
Closing dataloader mosaic

      Epoch    GPU_mem   box_loss   cls_loss   dfl_loss  Instances       Size
     91/100         0G     0.4223      1.511     0.8654          1        640: 100%|██████████| 1/1 [00:00<00:00,  1.54it/s]
                 Class     Images  Instances      Box(P          R      mAP50  mAP50-95): 100%|██████████| 1/1 [00:00<00:00,  3.16it
                   all          1          1      0.969          1      0.995      0.995

      Epoch    GPU_mem   box_loss   cls_loss   dfl_loss  Instances       Size
     92/100         0G     0.2884      1.274      0.773          1        640: 100%|██████████| 1/1 [00:01<00:00,  1.46s/it]
                 Class     Images  Instances      Box(P          R      mAP50  mAP50-95): 100%|██████████| 1/1 [00:00<00:00,  2.73it
                   all          1          1      0.969          1      0.995      0.995

      Epoch    GPU_mem   box_loss   cls_loss   dfl_loss  Instances       Size
     93/100         0G     0.3933      1.204      1.058          1        640: 100%|██████████| 1/1 [00:00<00:00,  1.59it/s]
                 Class     Images  Instances      Box(P          R      mAP50  mAP50-95): 100%|██████████| 1/1 [00:00<00:00,  2.27it
                   all          1          1      0.969          1      0.995      0.995

      Epoch    GPU_mem   box_loss   cls_loss   dfl_loss  Instances       Size
     94/100         0G     0.7003      2.352      1.694          1        640: 100%|██████████| 1/1 [00:00<00:00,  1.60it/s]
                 Class     Images  Instances      Box(P          R      mAP50  mAP50-95): 100%|██████████| 1/1 [00:00<00:00,  2.67it
                   all          1          1      0.969          1      0.995      0.995

      Epoch    GPU_mem   box_loss   cls_loss   dfl_loss  Instances       Size
     95/100         0G     0.4798      1.316     0.9598          1        640: 100%|██████████| 1/1 [00:00<00:00,  1.48it/s]
                 Class     Images  Instances      Box(P          R      mAP50  mAP50-95): 100%|██████████| 1/1 [00:00<00:00,  1.87it
                   all          1          1      0.969          1      0.995      0.995

      Epoch    GPU_mem   box_loss   cls_loss   dfl_loss  Instances       Size
     96/100         0G     0.3918      1.211      1.163          1        640: 100%|██████████| 1/1 [00:00<00:00,  1.11it/s]
                 Class     Images  Instances      Box(P          R      mAP50  mAP50-95): 100%|██████████| 1/1 [00:00<00:00,  2.58it
                   all          1          1      0.971          1      0.995      0.995

      Epoch    GPU_mem   box_loss   cls_loss   dfl_loss  Instances       Size
     97/100         0G     0.5014      1.358      1.198          1        640: 100%|██████████| 1/1 [00:00<00:00,  1.36it/s]
                 Class     Images  Instances      Box(P          R      mAP50  mAP50-95): 100%|██████████| 1/1 [00:00<00:00,  2.62it
                   all          1          1      0.971          1      0.995      0.995

      Epoch    GPU_mem   box_loss   cls_loss   dfl_loss  Instances       Size
     98/100         0G     0.5499      1.271      1.291          1        640: 100%|██████████| 1/1 [00:00<00:00,  1.59it/s]
                 Class     Images  Instances      Box(P          R      mAP50  mAP50-95): 100%|██████████| 1/1 [00:00<00:00,  2.40it
                   all          1          1      0.971          1      0.995      0.995

      Epoch    GPU_mem   box_loss   cls_loss   dfl_loss  Instances       Size
     99/100         0G     0.6653      1.401      0.942          1        640: 100%|██████████| 1/1 [00:00<00:00,  1.25it/s]
                 Class     Images  Instances      Box(P          R      mAP50  mAP50-95): 100%|██████████| 1/1 [00:00<00:00,  1.36it
                   all          1          1      0.971          1      0.995      0.995

      Epoch    GPU_mem   box_loss   cls_loss   dfl_loss  Instances       Size
    100/100         0G      0.414      1.239      1.015          1        640: 100%|██████████| 1/1 [00:00<00:00,  1.24it/s]
                 Class     Images  Instances      Box(P          R      mAP50  mAP50-95): 100%|██████████| 1/1 [00:00<00:00,  2.46it
                   all          1          1      0.971          1      0.995      0.995

100 epochs completed in 0.058 hours.
Optimizer stripped from runs\detect\train4\weights\last.pt, 6.2MB
Optimizer stripped from runs\detect\train4\weights\best.pt, 6.2MB

Validating runs\detect\train4\weights\best.pt...
Ultralytics 8.3.108 🚀 Python-3.12.6 torch-2.6.0+cpu CPU (Intel Core(TM) i7-8550U 1.80GHz)
Model summary (fused): 72 layers, 3,005,843 parameters, 0 gradients, 8.1 GFLOPs
                 Class     Images  Instances      Box(P          R      mAP50  mAP50-95): 100%|██████████| 1/1 [00:00<00:00,  2.49it
                   all          1          1      0.971          1      0.995      0.995
Speed: 1.7ms preprocess, 158.3ms inference, 0.0ms loss, 17.4ms postprocess per image
Results saved to runs\detect\train4
💡 Learn more at https://docs.ultralytics.com/modes/train

C:\Users\Asus\Desktop\UHI_YOLO_DATA>yolo detect predict model="runs/detect/train4/weights/best.pt" source="C:/Users/Asus/Desktop/UHI_YOLO_DATA/UHI_Map_1.jpg"
Ultralytics 8.3.108 🚀 Python-3.12.6 torch-2.6.0+cpu CPU (Intel Core(TM) i7-8550U 1.80GHz)
Model summary (fused): 72 layers, 3,005,843 parameters, 0 gradients, 8.1 GFLOPs

Traceback (most recent call last):
  File "<frozen runpy>", line 198, in _run_module_as_main
  File "<frozen runpy>", line 88, in _run_code
  File "C:\Python312\Scripts\yolo.exe\__main__.py", line 7, in <module>
  File "C:\Python312\Lib\site-packages\ultralytics\cfg\__init__.py", line 989, in entrypoint
    getattr(model, mode)(**overrides)  # default args from model
    ^^^^^^^^^^^^^^^^^^^^^^^^^^^^^^^^^
  File "C:\Python312\Lib\site-packages\ultralytics\engine\model.py", line 550, in predict
    return self.predictor.predict_cli(source=source) if is_cli else self.predictor(source=source, stream=stream)
           ^^^^^^^^^^^^^^^^^^^^^^^^^^^^^^^^^^^^^^^^^
  File "C:\Python312\Lib\site-packages\ultralytics\engine\predictor.py", line 236, in predict_cli
    for _ in gen:  # sourcery skip: remove-empty-nested-block, noqa
             ^^^
  File "C:\Python312\Lib\site-packages\torch\utils\_contextlib.py", line 36, in generator_context
    response = gen.send(None)
               ^^^^^^^^^^^^^^
  File "C:\Python312\Lib\site-packages\ultralytics\engine\predictor.py", line 297, in stream_inference
    self.setup_source(source if source is not None else self.args.source)
  File "C:\Python312\Lib\site-packages\ultralytics\engine\predictor.py", line 257, in setup_source
    self.dataset = load_inference_source(
                   ^^^^^^^^^^^^^^^^^^^^^^
  File "C:\Python312\Lib\site-packages\ultralytics\data\build.py", line 253, in load_inference_source
    dataset = LoadImagesAndVideos(source, batch=batch, vid_stride=vid_stride)
              ^^^^^^^^^^^^^^^^^^^^^^^^^^^^^^^^^^^^^^^^^^^^^^^^^^^^^^^^^^^^^^^
  File "C:\Python312\Lib\site-packages\ultralytics\data\loaders.py", line 342, in __init__
    raise FileNotFoundError(f"{p} does not exist")
FileNotFoundError: C:/Users/Asus/Desktop/UHI_YOLO_DATA/UHI_Map_1.jpg does not exist

C:\Users\Asus\Desktop\UHI_YOLO_DATA>yolo detect predict model="runs/detect/train4/weights/best.pt" source="C:/Users/Asus/Desktop/UHI_YOLO_DATA/UHI_Map_1.png"
Ultralytics 8.3.108 🚀 Python-3.12.6 torch-2.6.0+cpu CPU (Intel Core(TM) i7-8550U 1.80GHz)
Model summary (fused): 72 layers, 3,005,843 parameters, 0 gradients, 8.1 GFLOPs

Traceback (most recent call last):
  File "<frozen runpy>", line 198, in _run_module_as_main
  File "<frozen runpy>", line 88, in _run_code
  File "C:\Python312\Scripts\yolo.exe\__main__.py", line 7, in <module>
  File "C:\Python312\Lib\site-packages\ultralytics\cfg\__init__.py", line 989, in entrypoint
    getattr(model, mode)(**overrides)  # default args from model
    ^^^^^^^^^^^^^^^^^^^^^^^^^^^^^^^^^
  File "C:\Python312\Lib\site-packages\ultralytics\engine\model.py", line 550, in predict
    return self.predictor.predict_cli(source=source) if is_cli else self.predictor(source=source, stream=stream)
           ^^^^^^^^^^^^^^^^^^^^^^^^^^^^^^^^^^^^^^^^^
  File "C:\Python312\Lib\site-packages\ultralytics\engine\predictor.py", line 236, in predict_cli
    for _ in gen:  # sourcery skip: remove-empty-nested-block, noqa
             ^^^
  File "C:\Python312\Lib\site-packages\torch\utils\_contextlib.py", line 36, in generator_context
    response = gen.send(None)
               ^^^^^^^^^^^^^^
  File "C:\Python312\Lib\site-packages\ultralytics\engine\predictor.py", line 297, in stream_inference
    self.setup_source(source if source is not None else self.args.source)
  File "C:\Python312\Lib\site-packages\ultralytics\engine\predictor.py", line 257, in setup_source
    self.dataset = load_inference_source(
                   ^^^^^^^^^^^^^^^^^^^^^^
  File "C:\Python312\Lib\site-packages\ultralytics\data\build.py", line 253, in load_inference_source
    dataset = LoadImagesAndVideos(source, batch=batch, vid_stride=vid_stride)
              ^^^^^^^^^^^^^^^^^^^^^^^^^^^^^^^^^^^^^^^^^^^^^^^^^^^^^^^^^^^^^^^
  File "C:\Python312\Lib\site-packages\ultralytics\data\loaders.py", line 342, in __init__
    raise FileNotFoundError(f"{p} does not exist")
FileNotFoundError: C:/Users/Asus/Desktop/UHI_YOLO_DATA/UHI_Map_1.png does not exist

C:\Users\Asus\Desktop\UHI_YOLO_DATA>yolo detect predict model="runs/detect/train4/weights/best.pt" source="C:/Users/Asus/Desktop/UHI_YOLO_DATA/UHI_Map_1.jpg"
Ultralytics 8.3.108 🚀 Python-3.12.6 torch-2.6.0+cpu CPU (Intel Core(TM) i7-8550U 1.80GHz)
Model summary (fused): 72 layers, 3,005,843 parameters, 0 gradients, 8.1 GFLOPs

Traceback (most recent call last):
  File "<frozen runpy>", line 198, in _run_module_as_main
  File "<frozen runpy>", line 88, in _run_code
  File "C:\Python312\Scripts\yolo.exe\__main__.py", line 7, in <module>
  File "C:\Python312\Lib\site-packages\ultralytics\cfg\__init__.py", line 989, in entrypoint
    getattr(model, mode)(**overrides)  # default args from model
    ^^^^^^^^^^^^^^^^^^^^^^^^^^^^^^^^^
  File "C:\Python312\Lib\site-packages\ultralytics\engine\model.py", line 550, in predict
    return self.predictor.predict_cli(source=source) if is_cli else self.predictor(source=source, stream=stream)
           ^^^^^^^^^^^^^^^^^^^^^^^^^^^^^^^^^^^^^^^^^
  File "C:\Python312\Lib\site-packages\ultralytics\engine\predictor.py", line 236, in predict_cli
    for _ in gen:  # sourcery skip: remove-empty-nested-block, noqa
             ^^^
  File "C:\Python312\Lib\site-packages\torch\utils\_contextlib.py", line 36, in generator_context
    response = gen.send(None)
               ^^^^^^^^^^^^^^
  File "C:\Python312\Lib\site-packages\ultralytics\engine\predictor.py", line 297, in stream_inference
    self.setup_source(source if source is not None else self.args.source)
  File "C:\Python312\Lib\site-packages\ultralytics\engine\predictor.py", line 257, in setup_source
    self.dataset = load_inference_source(
                   ^^^^^^^^^^^^^^^^^^^^^^
  File "C:\Python312\Lib\site-packages\ultralytics\data\build.py", line 253, in load_inference_source
    dataset = LoadImagesAndVideos(source, batch=batch, vid_stride=vid_stride)
              ^^^^^^^^^^^^^^^^^^^^^^^^^^^^^^^^^^^^^^^^^^^^^^^^^^^^^^^^^^^^^^^
  File "C:\Python312\Lib\site-packages\ultralytics\data\loaders.py", line 342, in __init__
    raise FileNotFoundError(f"{p} does not exist")
FileNotFoundError: C:/Users/Asus/Desktop/UHI_YOLO_DATA/UHI_Map_1.jpg does not exist

C:\Users\Asus\Desktop\UHI_YOLO_DATA>yolo detect predict \
Traceback (most recent call last):
  File "<frozen runpy>", line 198, in _run_module_as_main
  File "<frozen runpy>", line 88, in _run_code
  File "C:\Python312\Scripts\yolo.exe\__main__.py", line 7, in <module>
  File "C:\Python312\Lib\site-packages\ultralytics\cfg\__init__.py", line 911, in entrypoint
    check_dict_alignment(full_args_dict, {a: ""})
  File "C:\Python312\Lib\site-packages\ultralytics\cfg\__init__.py", line 499, in check_dict_alignment
    raise SyntaxError(string + CLI_HELP_MSG) from e
SyntaxError: '\' is not a valid YOLO argument.

    Arguments received: ['yolo', 'detect', 'predict', '\\']. Ultralytics 'yolo' commands use the following syntax:

        yolo TASK MODE ARGS

        Where   TASK (optional) is one of frozenset({'segment', 'obb', 'classify', 'detect', 'pose'})
                MODE (required) is one of frozenset({'train', 'val', 'track', 'predict', 'benchmark', 'export'})
                ARGS (optional) are any number of custom 'arg=value' pairs like 'imgsz=320' that override defaults.
                    See all ARGS at https://docs.ultralytics.com/usage/cfg or with 'yolo cfg'

    1. Train a detection model for 10 epochs with an initial learning_rate of 0.01
        yolo train data=coco8.yaml model=yolo11n.pt epochs=10 lr0=0.01

    2. Predict a YouTube video using a pretrained segmentation model at image size 320:
        yolo predict model=yolo11n-seg.pt source='https://youtu.be/LNwODJXcvt4' imgsz=320

    3. Val a pretrained detection model at batch-size 1 and image size 640:
        yolo val model=yolo11n.pt data=coco8.yaml batch=1 imgsz=640

    4. Export a YOLO11n classification model to ONNX format at image size 224 by 128 (no TASK required)
        yolo export model=yolo11n-cls.pt format=onnx imgsz=224,128

    5. Ultralytics solutions usage
        yolo solutions count or in ['crop', 'blur', 'workout', 'heatmap', 'isegment', 'visioneye', 'speed', 'queue', 'analytics', 'inference', 'trackzone'] source="path/to/video.mp4"

    6. Run special commands:
        yolo help
        yolo checks
        yolo version
        yolo settings
        yolo copy-cfg
        yolo cfg
        yolo solutions help

    Docs: https://docs.ultralytics.com
    Solutions: https://docs.ultralytics.com/solutions/
    Community: https://community.ultralytics.com
    GitHub: https://github.com/ultralytics/ultralytics


C:\Users\Asus\Desktop\UHI_YOLO_DATA>  model=runs/detect/train4/weights/best.pt \
'model' is not recognized as an internal or external command,
operable program or batch file.

C:\Users\Asus\Desktop\UHI_YOLO_DATA>yolo detect predict \
Traceback (most recent call last):
  File "<frozen runpy>", line 198, in _run_module_as_main
  File "<frozen runpy>", line 88, in _run_code
  File "C:\Python312\Scripts\yolo.exe\__main__.py", line 7, in <module>
  File "C:\Python312\Lib\site-packages\ultralytics\cfg\__init__.py", line 911, in entrypoint
    check_dict_alignment(full_args_dict, {a: ""})
  File "C:\Python312\Lib\site-packages\ultralytics\cfg\__init__.py", line 499, in check_dict_alignment
    raise SyntaxError(string + CLI_HELP_MSG) from e
SyntaxError: '\' is not a valid YOLO argument.

    Arguments received: ['yolo', 'detect', 'predict', '\\']. Ultralytics 'yolo' commands use the following syntax:

        yolo TASK MODE ARGS

        Where   TASK (optional) is one of frozenset({'segment', 'detect', 'classify', 'obb', 'pose'})
                MODE (required) is one of frozenset({'train', 'val', 'predict', 'benchmark', 'track', 'export'})
                ARGS (optional) are any number of custom 'arg=value' pairs like 'imgsz=320' that override defaults.
                    See all ARGS at https://docs.ultralytics.com/usage/cfg or with 'yolo cfg'

    1. Train a detection model for 10 epochs with an initial learning_rate of 0.01
        yolo train data=coco8.yaml model=yolo11n.pt epochs=10 lr0=0.01

    2. Predict a YouTube video using a pretrained segmentation model at image size 320:
        yolo predict model=yolo11n-seg.pt source='https://youtu.be/LNwODJXcvt4' imgsz=320

    3. Val a pretrained detection model at batch-size 1 and image size 640:
        yolo val model=yolo11n.pt data=coco8.yaml batch=1 imgsz=640

    4. Export a YOLO11n classification model to ONNX format at image size 224 by 128 (no TASK required)
        yolo export model=yolo11n-cls.pt format=onnx imgsz=224,128

    5. Ultralytics solutions usage
        yolo solutions count or in ['crop', 'blur', 'workout', 'heatmap', 'isegment', 'visioneye', 'speed', 'queue', 'analytics', 'inference', 'trackzone'] source="path/to/video.mp4"

    6. Run special commands:
        yolo help
        yolo checks
        yolo version
        yolo settings
        yolo copy-cfg
        yolo cfg
        yolo solutions help

    Docs: https://docs.ultralytics.com
    Solutions: https://docs.ultralytics.com/solutions/
    Community: https://community.ultralytics.com
    GitHub: https://github.com/ultralytics/ultralytics


C:\Users\Asus\Desktop\UHI_YOLO_DATA>  model=runs/detect/train4/weights/best.pt \
'model' is not recognized as an internal or external command,
operable program or batch file.

C:\Users\Asus\Desktop\UHI_YOLO_DATA>  source=C:/Users/Asus/Desktop/UHI_YOLO_DATA/UHI_Map_1.png
'source' is not recognized as an internal or external command,
operable program or batch file.

C:\Users\Asus\Desktop\UHI_YOLO_DATA>yolo detect predict model=runs/detect/train4/weights/best.pt source=C:/Users/Asus/Desktop/UHI_YOLO_DATA/UHI_Map_1.png
Ultralytics 8.3.108 🚀 Python-3.12.6 torch-2.6.0+cpu CPU (Intel Core(TM) i7-8550U 1.80GHz)
Model summary (fused): 72 layers, 3,005,843 parameters, 0 gradients, 8.1 GFLOPs

Traceback (most recent call last):
  File "<frozen runpy>", line 198, in _run_module_as_main
  File "<frozen runpy>", line 88, in _run_code
  File "C:\Python312\Scripts\yolo.exe\__main__.py", line 7, in <module>
  File "C:\Python312\Lib\site-packages\ultralytics\cfg\__init__.py", line 989, in entrypoint
    getattr(model, mode)(**overrides)  # default args from model
    ^^^^^^^^^^^^^^^^^^^^^^^^^^^^^^^^^
  File "C:\Python312\Lib\site-packages\ultralytics\engine\model.py", line 550, in predict
    return self.predictor.predict_cli(source=source) if is_cli else self.predictor(source=source, stream=stream)
           ^^^^^^^^^^^^^^^^^^^^^^^^^^^^^^^^^^^^^^^^^
  File "C:\Python312\Lib\site-packages\ultralytics\engine\predictor.py", line 236, in predict_cli
    for _ in gen:  # sourcery skip: remove-empty-nested-block, noqa
             ^^^
  File "C:\Python312\Lib\site-packages\torch\utils\_contextlib.py", line 36, in generator_context
    response = gen.send(None)
               ^^^^^^^^^^^^^^
  File "C:\Python312\Lib\site-packages\ultralytics\engine\predictor.py", line 297, in stream_inference
    self.setup_source(source if source is not None else self.args.source)
  File "C:\Python312\Lib\site-packages\ultralytics\engine\predictor.py", line 257, in setup_source
    self.dataset = load_inference_source(
                   ^^^^^^^^^^^^^^^^^^^^^^
  File "C:\Python312\Lib\site-packages\ultralytics\data\build.py", line 253, in load_inference_source
    dataset = LoadImagesAndVideos(source, batch=batch, vid_stride=vid_stride)
              ^^^^^^^^^^^^^^^^^^^^^^^^^^^^^^^^^^^^^^^^^^^^^^^^^^^^^^^^^^^^^^^
  File "C:\Python312\Lib\site-packages\ultralytics\data\loaders.py", line 342, in __init__
    raise FileNotFoundError(f"{p} does not exist")
FileNotFoundError: C:/Users/Asus/Desktop/UHI_YOLO_DATA/UHI_Map_1.png does not exist

C:\Users\Asus\Desktop\UHI_YOLO_DATA>yolo detect predict model=runs/detect/train4/weights/best.pt source="C:/Users/Asus/Desktop/UHI_YOLO_DATA/images/train/UHI_Map_1.png"
Ultralytics 8.3.108 🚀 Python-3.12.6 torch-2.6.0+cpu CPU (Intel Core(TM) i7-8550U 1.80GHz)
Model summary (fused): 72 layers, 3,005,843 parameters, 0 gradients, 8.1 GFLOPs

Traceback (most recent call last):
  File "<frozen runpy>", line 198, in _run_module_as_main
  File "<frozen runpy>", line 88, in _run_code
  File "C:\Python312\Scripts\yolo.exe\__main__.py", line 7, in <module>
  File "C:\Python312\Lib\site-packages\ultralytics\cfg\__init__.py", line 989, in entrypoint
    getattr(model, mode)(**overrides)  # default args from model
    ^^^^^^^^^^^^^^^^^^^^^^^^^^^^^^^^^
  File "C:\Python312\Lib\site-packages\ultralytics\engine\model.py", line 550, in predict
    return self.predictor.predict_cli(source=source) if is_cli else self.predictor(source=source, stream=stream)
           ^^^^^^^^^^^^^^^^^^^^^^^^^^^^^^^^^^^^^^^^^
  File "C:\Python312\Lib\site-packages\ultralytics\engine\predictor.py", line 236, in predict_cli
    for _ in gen:  # sourcery skip: remove-empty-nested-block, noqa
             ^^^
  File "C:\Python312\Lib\site-packages\torch\utils\_contextlib.py", line 36, in generator_context
    response = gen.send(None)
               ^^^^^^^^^^^^^^
  File "C:\Python312\Lib\site-packages\ultralytics\engine\predictor.py", line 297, in stream_inference
    self.setup_source(source if source is not None else self.args.source)
  File "C:\Python312\Lib\site-packages\ultralytics\engine\predictor.py", line 257, in setup_source
    self.dataset = load_inference_source(
                   ^^^^^^^^^^^^^^^^^^^^^^
  File "C:\Python312\Lib\site-packages\ultralytics\data\build.py", line 253, in load_inference_source
    dataset = LoadImagesAndVideos(source, batch=batch, vid_stride=vid_stride)
              ^^^^^^^^^^^^^^^^^^^^^^^^^^^^^^^^^^^^^^^^^^^^^^^^^^^^^^^^^^^^^^^
  File "C:\Python312\Lib\site-packages\ultralytics\data\loaders.py", line 342, in __init__
    raise FileNotFoundError(f"{p} does not exist")
FileNotFoundError: C:/Users/Asus/Desktop/UHI_YOLO_DATA/images/train/UHI_Map_1.png does not exist

C:\Users\Asus\Desktop\UHI_YOLO_DATA>yolo detect predict model=runs/detect/train4/weights/best.pt source="C:\\Users\\Asus\\Desktop\\UHI_Map_1.png"
Ultralytics 8.3.108 🚀 Python-3.12.6 torch-2.6.0+cpu CPU (Intel Core(TM) i7-8550U 1.80GHz)
Model summary (fused): 72 layers, 3,005,843 parameters, 0 gradients, 8.1 GFLOPs

Traceback (most recent call last):
  File "<frozen runpy>", line 198, in _run_module_as_main
  File "<frozen runpy>", line 88, in _run_code
  File "C:\Python312\Scripts\yolo.exe\__main__.py", line 7, in <module>
  File "C:\Python312\Lib\site-packages\ultralytics\cfg\__init__.py", line 989, in entrypoint
    getattr(model, mode)(**overrides)  # default args from model
    ^^^^^^^^^^^^^^^^^^^^^^^^^^^^^^^^^
  File "C:\Python312\Lib\site-packages\ultralytics\engine\model.py", line 550, in predict
    return self.predictor.predict_cli(source=source) if is_cli else self.predictor(source=source, stream=stream)
           ^^^^^^^^^^^^^^^^^^^^^^^^^^^^^^^^^^^^^^^^^
  File "C:\Python312\Lib\site-packages\ultralytics\engine\predictor.py", line 236, in predict_cli
    for _ in gen:  # sourcery skip: remove-empty-nested-block, noqa
             ^^^
  File "C:\Python312\Lib\site-packages\torch\utils\_contextlib.py", line 36, in generator_context
    response = gen.send(None)
               ^^^^^^^^^^^^^^
  File "C:\Python312\Lib\site-packages\ultralytics\engine\predictor.py", line 297, in stream_inference
    self.setup_source(source if source is not None else self.args.source)
  File "C:\Python312\Lib\site-packages\ultralytics\engine\predictor.py", line 257, in setup_source
    self.dataset = load_inference_source(
                   ^^^^^^^^^^^^^^^^^^^^^^
  File "C:\Python312\Lib\site-packages\ultralytics\data\build.py", line 253, in load_inference_source
    dataset = LoadImagesAndVideos(source, batch=batch, vid_stride=vid_stride)
              ^^^^^^^^^^^^^^^^^^^^^^^^^^^^^^^^^^^^^^^^^^^^^^^^^^^^^^^^^^^^^^^
  File "C:\Python312\Lib\site-packages\ultralytics\data\loaders.py", line 342, in __init__
    raise FileNotFoundError(f"{p} does not exist")
FileNotFoundError: C:\\Users\\Asus\\Desktop\\UHI_Map_1.png does not exist

C:\Users\Asus\Desktop\UHI_YOLO_DATA>yolo detect predict model=runs/detect/train4/weights/best.pt source="C:\\Users\\Asus\\Desktop\\UHI_YOLO_DATA\\images\\train\\UHI_Map_1.png"
Ultralytics 8.3.108 🚀 Python-3.12.6 torch-2.6.0+cpu CPU (Intel Core(TM) i7-8550U 1.80GHz)
Model summary (fused): 72 layers, 3,005,843 parameters, 0 gradients, 8.1 GFLOPs

Traceback (most recent call last):
  File "<frozen runpy>", line 198, in _run_module_as_main
  File "<frozen runpy>", line 88, in _run_code
  File "C:\Python312\Scripts\yolo.exe\__main__.py", line 7, in <module>
  File "C:\Python312\Lib\site-packages\ultralytics\cfg\__init__.py", line 989, in entrypoint
    getattr(model, mode)(**overrides)  # default args from model
    ^^^^^^^^^^^^^^^^^^^^^^^^^^^^^^^^^
  File "C:\Python312\Lib\site-packages\ultralytics\engine\model.py", line 550, in predict
    return self.predictor.predict_cli(source=source) if is_cli else self.predictor(source=source, stream=stream)
           ^^^^^^^^^^^^^^^^^^^^^^^^^^^^^^^^^^^^^^^^^
  File "C:\Python312\Lib\site-packages\ultralytics\engine\predictor.py", line 236, in predict_cli
    for _ in gen:  # sourcery skip: remove-empty-nested-block, noqa
             ^^^
  File "C:\Python312\Lib\site-packages\torch\utils\_contextlib.py", line 36, in generator_context
    response = gen.send(None)
               ^^^^^^^^^^^^^^
  File "C:\Python312\Lib\site-packages\ultralytics\engine\predictor.py", line 297, in stream_inference
    self.setup_source(source if source is not None else self.args.source)
  File "C:\Python312\Lib\site-packages\ultralytics\engine\predictor.py", line 257, in setup_source
    self.dataset = load_inference_source(
                   ^^^^^^^^^^^^^^^^^^^^^^
  File "C:\Python312\Lib\site-packages\ultralytics\data\build.py", line 253, in load_inference_source
    dataset = LoadImagesAndVideos(source, batch=batch, vid_stride=vid_stride)
              ^^^^^^^^^^^^^^^^^^^^^^^^^^^^^^^^^^^^^^^^^^^^^^^^^^^^^^^^^^^^^^^
  File "C:\Python312\Lib\site-packages\ultralytics\data\loaders.py", line 342, in __init__
    raise FileNotFoundError(f"{p} does not exist")
FileNotFoundError: C:\\Users\\Asus\\Desktop\\UHI_YOLO_DATA\\images\\train\\UHI_Map_1.png does not exist

C:\Users\Asus\Desktop\UHI_YOLO_DATA>yolo detect predict model=runs/detect/train4/weights/best.pt source="C:/Users/Asus/Desktop/UHI_YOLO_DATA/images/train/UHI_Map_1.jpg"
Ultralytics 8.3.108 🚀 Python-3.12.6 torch-2.6.0+cpu CPU (Intel Core(TM) i7-8550U 1.80GHz)
Model summary (fused): 72 layers, 3,005,843 parameters, 0 gradients, 8.1 GFLOPs

image 1/1 C:\Users\Asus\Desktop\UHI_YOLO_DATA\images\train\UHI_Map_1.jpg: 480x640 1 UHI, 166.0ms
Speed: 8.9ms preprocess, 166.0ms inference, 2.4ms postprocess per image at shape (1, 3, 480, 640)
Results saved to runs\detect\predict3
💡 Learn more at https://docs.ultralytics.com/modes/predict

C:\Users\Asus\Desktop\UHI_YOLO_DATA>
